Using pre-set license
Built from '2021.3/staging' branch; Version is '2021.3.40f1 (6fcab7dbbbc1) revision 7326391'; Using compiler version '192829333'; Build Type 'Release'
OS: 'Windows 11  (10.0.26100) 64bit Core' Language: 'en' Physical Memory: 15661 MB
BatchMode: 1, IsHumanControllingUs: 0, StartBugReporterOnCrash: 0, Is64bit: 1, IsPro: 1

COMMAND LINE ARGUMENTS:
C:\Program Files\Unity\Hub\Editor\2021.3.40f1\Editor\Unity.exe
-adb2
-batchMode
-noUpm
-name
AssetImportWorker0
-projectPath
C:/Users/danne/Documents/GitHub/Dadiu-SuperMario
-logFile
Logs/AssetImportWorker0.log
-srvPort
57722
Successfully changed project path to: C:/Users/danne/Documents/GitHub/Dadiu-SuperMario
C:/Users/danne/Documents/GitHub/Dadiu-SuperMario
[UnityMemory] Configuration Parameters - Can be set up in boot.config
    "memorysetup-bucket-allocator-granularity=16"
    "memorysetup-bucket-allocator-bucket-count=8"
    "memorysetup-bucket-allocator-block-size=33554432"
    "memorysetup-bucket-allocator-block-count=8"
    "memorysetup-main-allocator-block-size=16777216"
    "memorysetup-thread-allocator-block-size=16777216"
    "memorysetup-gfx-main-allocator-block-size=16777216"
    "memorysetup-gfx-thread-allocator-block-size=16777216"
    "memorysetup-cache-allocator-block-size=4194304"
    "memorysetup-typetree-allocator-block-size=2097152"
    "memorysetup-profiler-bucket-allocator-granularity=16"
    "memorysetup-profiler-bucket-allocator-bucket-count=8"
    "memorysetup-profiler-bucket-allocator-block-size=33554432"
    "memorysetup-profiler-bucket-allocator-block-count=8"
    "memorysetup-profiler-allocator-block-size=16777216"
    "memorysetup-profiler-editor-allocator-block-size=1048576"
    "memorysetup-temp-allocator-size-main=16777216"
    "memorysetup-job-temp-allocator-block-size=2097152"
    "memorysetup-job-temp-allocator-block-size-background=1048576"
    "memorysetup-job-temp-allocator-reduction-small-platforms=262144"
    "memorysetup-temp-allocator-size-background-worker=32768"
    "memorysetup-temp-allocator-size-job-worker=262144"
    "memorysetup-temp-allocator-size-preload-manager=33554432"
    "memorysetup-temp-allocator-size-nav-mesh-worker=65536"
    "memorysetup-temp-allocator-size-audio-worker=65536"
    "memorysetup-temp-allocator-size-cloud-worker=32768"
    "memorysetup-temp-allocator-size-gi-baking-worker=262144"
    "memorysetup-temp-allocator-size-gfx=262144"
Player connection [36072] Host "[IP] 10.91.12.22 [Port] 0 [Flags] 2 [Guid] 1709034718 [EditorId] 1709034718 [Version] 1048832 [Id] WindowsEditor(7,DanielLaptop) [Debug] 1 [PackageName] WindowsEditor [ProjectName] Editor" joined multi-casting on [225.0.0.222:54997]...

Player connection [36072] Host "[IP] 10.91.12.22 [Port] 0 [Flags] 2 [Guid] 1709034718 [EditorId] 1709034718 [Version] 1048832 [Id] WindowsEditor(7,DanielLaptop) [Debug] 1 [PackageName] WindowsEditor [ProjectName] Editor" joined alternative multi-casting on [225.0.0.222:34997]...

[Physics::Module] Initialized MultithreadedJobDispatcher with {0} workers.
Refreshing native plugins compatible for Editor in 55.81 ms, found 5 plugins.
Preloading 0 native plugins for Editor in 0.00 ms.
Initialize engine version: 2021.3.40f1 (6fcab7dbbbc1)
[Subsystems] Discovering subsystems at path C:/Program Files/Unity/Hub/Editor/2021.3.40f1/Editor/Data/Resources/UnitySubsystems
[Subsystems] Discovering subsystems at path C:/Users/danne/Documents/GitHub/Dadiu-SuperMario/Assets
GfxDevice: creating device client; threaded=0; jobified=0
Direct3D:
    Version:  Direct3D 11.0 [level 11.1]
    Renderer: NVIDIA GeForce RTX 4060 Laptop GPU (ID=0x28e0)
    Vendor:   NVIDIA
    VRAM:     7957 MB
    Driver:   32.0.15.5597
Initialize mono
Mono path[0] = 'C:/Program Files/Unity/Hub/Editor/2021.3.40f1/Editor/Data/Managed'
Mono path[1] = 'C:/Program Files/Unity/Hub/Editor/2021.3.40f1/Editor/Data/MonoBleedingEdge/lib/mono/unityjit-win32'
Mono config path = 'C:/Program Files/Unity/Hub/Editor/2021.3.40f1/Editor/Data/MonoBleedingEdge/etc'
Using monoOptions --debugger-agent=transport=dt_socket,embedding=1,server=y,suspend=n,address=127.0.0.1:56852
Begin MonoManager ReloadAssembly
Registering precompiled unity dll's ...
Register platform support module: C:/Program Files/Unity/Hub/Editor/2021.3.40f1/Editor/Data/PlaybackEngines/WindowsStandaloneSupport/UnityEditor.WindowsStandalone.Extensions.dll
Registered in 0.003899 seconds.
Native extension for WindowsStandalone target not found
Refreshing native plugins compatible for Editor in 52.09 ms, found 5 plugins.
Preloading 0 native plugins for Editor in 0.00 ms.
Mono: successfully reloaded assembly
- Completed reload, in  0.461 seconds
Domain Reload Profiling:
	ReloadAssembly (462ms)
		BeginReloadAssembly (71ms)
			ExecutionOrderSort (0ms)
			DisableScriptedObjects (0ms)
			BackupInstance (0ms)
			ReleaseScriptingObjects (0ms)
			CreateAndSetChildDomain (1ms)
		EndReloadAssembly (327ms)
			LoadAssemblies (70ms)
			RebuildTransferFunctionScriptingTraits (0ms)
			SetupTypeCache (77ms)
			ReleaseScriptCaches (0ms)
			RebuildScriptCaches (17ms)
			SetupLoadedEditorAssemblies (205ms)
				LogAssemblyErrors (0ms)
				InitializePlatformSupportModulesInManaged (6ms)
				SetLoadedEditorAssemblies (0ms)
				RefreshPlugins (52ms)
				BeforeProcessingInitializeOnLoad (1ms)
				ProcessInitializeOnLoadAttributes (108ms)
				ProcessInitializeOnLoadMethodAttributes (38ms)
				AfterProcessingInitializeOnLoad (0ms)
				EditorAssembliesLoaded (0ms)
			ExecutionOrderSort2 (0ms)
			AwakeInstancesAfterBackupRestoration (0ms)
Platform modules already initialized, skipping
Registering precompiled user dll's ...
Registered in 0.004887 seconds.
Begin MonoManager ReloadAssembly
Native extension for WindowsStandalone target not found
Refreshing native plugins compatible for Editor in 0.73 ms, found 5 plugins.
Preloading 0 native plugins for Editor in 0.00 ms.
Package Manager log level set to [2]
[Package Manager] Server::EnsureServerProcessIsRunning -- launch failed, reason: Unity was launched with the -noUpm command-line argument
[Package Manager] Cannot connect to Unity Package Manager local server
Mono: successfully reloaded assembly
- Completed reload, in  1.166 seconds
Domain Reload Profiling:
	ReloadAssembly (1166ms)
		BeginReloadAssembly (103ms)
			ExecutionOrderSort (0ms)
			DisableScriptedObjects (4ms)
			BackupInstance (0ms)
			ReleaseScriptingObjects (0ms)
			CreateAndSetChildDomain (20ms)
		EndReloadAssembly (988ms)
			LoadAssemblies (74ms)
			RebuildTransferFunctionScriptingTraits (0ms)
			SetupTypeCache (154ms)
			ReleaseScriptCaches (1ms)
			RebuildScriptCaches (34ms)
			SetupLoadedEditorAssemblies (728ms)
				LogAssemblyErrors (0ms)
				InitializePlatformSupportModulesInManaged (4ms)
				SetLoadedEditorAssemblies (0ms)
				RefreshPlugins (1ms)
				BeforeProcessingInitializeOnLoad (49ms)
				ProcessInitializeOnLoadAttributes (652ms)
				ProcessInitializeOnLoadMethodAttributes (18ms)
				AfterProcessingInitializeOnLoad (4ms)
				EditorAssembliesLoaded (0ms)
			ExecutionOrderSort2 (0ms)
			AwakeInstancesAfterBackupRestoration (4ms)
Platform modules already initialized, skipping
========================================================================
Worker process is ready to serve import requests
Launched and connected shader compiler UnityShaderCompiler.exe after 0.04 seconds
Refreshing native plugins compatible for Editor in 0.77 ms, found 5 plugins.
Preloading 0 native plugins for Editor in 0.00 ms.
Unloading 3345 Unused Serialized files (Serialized files now loaded: 0)
Unloading 58 unused Assets / (47.5 KB). Loaded Objects now: 3770.
Memory consumption went from 114.0 MB to 114.0 MB.
Total: 2.984000 ms (FindLiveObjects: 0.278200 ms CreateObjectMapping: 0.056200 ms MarkObjects: 2.572300 ms  DeleteObjects: 0.076200 ms)

AssetImportParameters requested are different than current active one (requested -> active):
  custom:video-decoder-ogg-theora: a1e56fd34408186e4bbccfd4996cb3dc -> 
  custom:container-muxer-webm: aa71ff27fc2769a1b78a27578f13a17b -> 
  custom:container-demuxer-webm: 4f35f7cbe854078d1ac9338744f61a02 -> 
  custom:video-encoder-webm-vp8: eb34c28f22e8b96e1ab97ce403110664 -> 
  custom:video-codec-MediaFoundation-h265: 746d11721c4dcdbdad8f713fa42b33f4 -> 
  custom:CustomObjectIndexerAttribute: bc11b3a6c3213fcdd17b65e7da85e133 -> 
  custom:audio-encoder-webm-vorbis: bf7c407c2cedff20999df2af8eb42d56 -> 
  custom:framework-win-MediaFoundation: 216162199b28c13a410421893ffa2e32 -> 
  custom:SearchIndexIgnoredProperties: e643bd26f0fe6173181afceb89e7c659 -> 
  custom:container-demuxer-ogg: 62fdf1f143b41e24485cea50d1cbac27 -> 
  custom:video-decoder-webm-vp8: 9c59270c3fd7afecdb556c50c9e8de78 -> 
  custom:audio-decoder-ogg-vorbis: bf7c407c2cedff20999df2af8eb42d56 -> 
========================================================================
Received Import Request.
  Time since last request: 92548.143387 seconds.
  path: Assets/Prefabs/_managers/Level Starter.prefab
  artifactKey: Guid(2edb2b8e476654f0ea2807c7a8261a76) Importer(815301076,1909f56bfc062723c751e8b465ee728b)
Number of updated assets reloaded before import = 0
Start importing Assets/Prefabs/_managers/Level Starter.prefab using Guid(2edb2b8e476654f0ea2807c7a8261a76) Importer(815301076,1909f56bfc062723c751e8b465ee728b)  -> (artifact id: '8b8521c47dcdee8705aca8e43f3f1851') in 0.224690 seconds 
Number of asset objects unloaded after import = 381
========================================================================
Received Import Request.
  Time since last request: 8.906599 seconds.
  path: Assets/Prefabs/_managers/Level Starter.prefab
  artifactKey: Guid(2edb2b8e476654f0ea2807c7a8261a76) Importer(815301076,1909f56bfc062723c751e8b465ee728b)
Number of updated assets reloaded before import = 0
Start importing Assets/Prefabs/_managers/Level Starter.prefab using Guid(2edb2b8e476654f0ea2807c7a8261a76) Importer(815301076,1909f56bfc062723c751e8b465ee728b)  -> (artifact id: '11e064090395261723c0404b43918884') in 0.036825 seconds 
Number of asset objects unloaded after import = 381
========================================================================
Received Import Request.
  Time since last request: 9.859780 seconds.
  path: Assets/Prefabs/_managers/Level Starter.prefab
  artifactKey: Guid(2edb2b8e476654f0ea2807c7a8261a76) Importer(815301076,1909f56bfc062723c751e8b465ee728b)
Number of updated assets reloaded before import = 0
Start importing Assets/Prefabs/_managers/Level Starter.prefab using Guid(2edb2b8e476654f0ea2807c7a8261a76) Importer(815301076,1909f56bfc062723c751e8b465ee728b)  -> (artifact id: '80d5157a5b4925e2348646f8749f6a63') in 0.039729 seconds 
Number of asset objects unloaded after import = 380
========================================================================
Received Import Request.
  Time since last request: 13.471018 seconds.
  path: Assets/Prefabs/_managers/Level Starter.prefab
  artifactKey: Guid(2edb2b8e476654f0ea2807c7a8261a76) Importer(815301076,1909f56bfc062723c751e8b465ee728b)
Number of updated assets reloaded before import = 0
Start importing Assets/Prefabs/_managers/Level Starter.prefab using Guid(2edb2b8e476654f0ea2807c7a8261a76) Importer(815301076,1909f56bfc062723c751e8b465ee728b)  -> (artifact id: 'a014ee7a371710b052e5fe5d8a614a2a') in 0.039344 seconds 
Number of asset objects unloaded after import = 380
========================================================================
Received Prepare
Registering precompiled user dll's ...
Registered in 0.006756 seconds.
Begin MonoManager ReloadAssembly
Native extension for WindowsStandalone target not found
Refreshing native plugins compatible for Editor in 0.82 ms, found 5 plugins.
Preloading 0 native plugins for Editor in 0.00 ms.
[Package Manager] Server::EnsureServerProcessIsRunning -- launch failed, reason: Unity was launched with the -noUpm command-line argument
[Package Manager] Cannot connect to Unity Package Manager local server
Mono: successfully reloaded assembly
- Completed reload, in  1.251 seconds
Domain Reload Profiling:
	ReloadAssembly (1252ms)
		BeginReloadAssembly (118ms)
			ExecutionOrderSort (0ms)
			DisableScriptedObjects (3ms)
			BackupInstance (0ms)
			ReleaseScriptingObjects (0ms)
			CreateAndSetChildDomain (33ms)
		EndReloadAssembly (1064ms)
			LoadAssemblies (76ms)
			RebuildTransferFunctionScriptingTraits (0ms)
			SetupTypeCache (172ms)
			ReleaseScriptCaches (2ms)
			RebuildScriptCaches (34ms)
			SetupLoadedEditorAssemblies (761ms)
				LogAssemblyErrors (0ms)
				InitializePlatformSupportModulesInManaged (4ms)
				SetLoadedEditorAssemblies (0ms)
				RefreshPlugins (1ms)
				BeforeProcessingInitializeOnLoad (44ms)
				ProcessInitializeOnLoadAttributes (684ms)
				ProcessInitializeOnLoadMethodAttributes (22ms)
				AfterProcessingInitializeOnLoad (5ms)
				EditorAssembliesLoaded (0ms)
			ExecutionOrderSort2 (0ms)
			AwakeInstancesAfterBackupRestoration (6ms)
Platform modules already initialized, skipping
Refreshing native plugins compatible for Editor in 1.41 ms, found 5 plugins.
Preloading 0 native plugins for Editor in 0.00 ms.
Unloading 3339 Unused Serialized files (Serialized files now loaded: 0)
Unloading 53 unused Assets / (23.0 KB). Loaded Objects now: 3782.
Memory consumption went from 118.6 MB to 118.6 MB.
Total: 3.581800 ms (FindLiveObjects: 0.375100 ms CreateObjectMapping: 0.076700 ms MarkObjects: 3.078700 ms  DeleteObjects: 0.050400 ms)

AssetImportParameters requested are different than current active one (requested -> active):
  custom:video-decoder-ogg-theora: a1e56fd34408186e4bbccfd4996cb3dc -> 
  custom:container-muxer-webm: aa71ff27fc2769a1b78a27578f13a17b -> 
  custom:container-demuxer-webm: 4f35f7cbe854078d1ac9338744f61a02 -> 
  custom:video-encoder-webm-vp8: eb34c28f22e8b96e1ab97ce403110664 -> 
  custom:video-codec-MediaFoundation-h265: 746d11721c4dcdbdad8f713fa42b33f4 -> 
  custom:CustomObjectIndexerAttribute: bc11b3a6c3213fcdd17b65e7da85e133 -> 
  custom:audio-encoder-webm-vorbis: bf7c407c2cedff20999df2af8eb42d56 -> 
  custom:framework-win-MediaFoundation: 216162199b28c13a410421893ffa2e32 -> 
  custom:SearchIndexIgnoredProperties: e643bd26f0fe6173181afceb89e7c659 -> 
  custom:container-demuxer-ogg: 62fdf1f143b41e24485cea50d1cbac27 -> 
  custom:video-decoder-webm-vp8: 9c59270c3fd7afecdb556c50c9e8de78 -> 
  custom:audio-decoder-ogg-vorbis: bf7c407c2cedff20999df2af8eb42d56 -> 
========================================================================
Received Import Request.
  Time since last request: 32.036431 seconds.
  path: Assets/Prefabs/_managers/Level Starter.prefab
  artifactKey: Guid(2edb2b8e476654f0ea2807c7a8261a76) Importer(815301076,1909f56bfc062723c751e8b465ee728b)
Number of updated assets reloaded before import = 0
Start importing Assets/Prefabs/_managers/Level Starter.prefab using Guid(2edb2b8e476654f0ea2807c7a8261a76) Importer(815301076,1909f56bfc062723c751e8b465ee728b)  -> (artifact id: 'd91466a53311deff8bc55846b9e5b43b') in 0.093700 seconds 
Number of asset objects unloaded after import = 380
========================================================================
Received Prepare
Registering precompiled user dll's ...
Registered in 0.005704 seconds.
Begin MonoManager ReloadAssembly
Native extension for WindowsStandalone target not found
Refreshing native plugins compatible for Editor in 0.86 ms, found 5 plugins.
Preloading 0 native plugins for Editor in 0.00 ms.
[Package Manager] Server::EnsureServerProcessIsRunning -- launch failed, reason: Unity was launched with the -noUpm command-line argument
[Package Manager] Cannot connect to Unity Package Manager local server
Mono: successfully reloaded assembly
- Completed reload, in  1.216 seconds
Domain Reload Profiling:
	ReloadAssembly (1216ms)
		BeginReloadAssembly (122ms)
			ExecutionOrderSort (0ms)
			DisableScriptedObjects (5ms)
			BackupInstance (0ms)
			ReleaseScriptingObjects (0ms)
			CreateAndSetChildDomain (34ms)
		EndReloadAssembly (1030ms)
			LoadAssemblies (78ms)
			RebuildTransferFunctionScriptingTraits (0ms)
			SetupTypeCache (165ms)
			ReleaseScriptCaches (1ms)
			RebuildScriptCaches (31ms)
			SetupLoadedEditorAssemblies (744ms)
				LogAssemblyErrors (0ms)
				InitializePlatformSupportModulesInManaged (4ms)
				SetLoadedEditorAssemblies (0ms)
				RefreshPlugins (1ms)
				BeforeProcessingInitializeOnLoad (41ms)
				ProcessInitializeOnLoadAttributes (669ms)
				ProcessInitializeOnLoadMethodAttributes (23ms)
				AfterProcessingInitializeOnLoad (6ms)
				EditorAssembliesLoaded (0ms)
			ExecutionOrderSort2 (0ms)
			AwakeInstancesAfterBackupRestoration (6ms)
Platform modules already initialized, skipping
Refreshing native plugins compatible for Editor in 1.06 ms, found 5 plugins.
Preloading 0 native plugins for Editor in 0.00 ms.
Unloading 3339 Unused Serialized files (Serialized files now loaded: 0)
Unloading 53 unused Assets / (23.0 KB). Loaded Objects now: 3785.
Memory consumption went from 118.6 MB to 118.6 MB.
Total: 3.961200 ms (FindLiveObjects: 0.481400 ms CreateObjectMapping: 0.056200 ms MarkObjects: 3.380200 ms  DeleteObjects: 0.042100 ms)

AssetImportParameters requested are different than current active one (requested -> active):
  custom:video-decoder-ogg-theora: a1e56fd34408186e4bbccfd4996cb3dc -> 
  custom:container-muxer-webm: aa71ff27fc2769a1b78a27578f13a17b -> 
  custom:container-demuxer-webm: 4f35f7cbe854078d1ac9338744f61a02 -> 
  custom:video-encoder-webm-vp8: eb34c28f22e8b96e1ab97ce403110664 -> 
  custom:video-codec-MediaFoundation-h265: 746d11721c4dcdbdad8f713fa42b33f4 -> 
  custom:CustomObjectIndexerAttribute: bc11b3a6c3213fcdd17b65e7da85e133 -> 
  custom:audio-encoder-webm-vorbis: bf7c407c2cedff20999df2af8eb42d56 -> 
  custom:framework-win-MediaFoundation: 216162199b28c13a410421893ffa2e32 -> 
  custom:SearchIndexIgnoredProperties: e643bd26f0fe6173181afceb89e7c659 -> 
  custom:container-demuxer-ogg: 62fdf1f143b41e24485cea50d1cbac27 -> 
  custom:video-decoder-webm-vp8: 9c59270c3fd7afecdb556c50c9e8de78 -> 
  custom:audio-decoder-ogg-vorbis: bf7c407c2cedff20999df2af8eb42d56 -> 
========================================================================
Received Import Request.
  Time since last request: 7.345174 seconds.
  path: Assets/Prefabs/_managers/Level Starter.prefab
  artifactKey: Guid(2edb2b8e476654f0ea2807c7a8261a76) Importer(815301076,1909f56bfc062723c751e8b465ee728b)
Number of updated assets reloaded before import = 0
Start importing Assets/Prefabs/_managers/Level Starter.prefab using Guid(2edb2b8e476654f0ea2807c7a8261a76) Importer(815301076,1909f56bfc062723c751e8b465ee728b)  -> (artifact id: 'd6ff0f054795382a17a9767eb549fab4') in 0.106533 seconds 
Number of asset objects unloaded after import = 379
========================================================================
Received Prepare
Registering precompiled user dll's ...
Registered in 0.006802 seconds.
Begin MonoManager ReloadAssembly
Native extension for WindowsStandalone target not found
Refreshing native plugins compatible for Editor in 0.95 ms, found 5 plugins.
Preloading 0 native plugins for Editor in 0.00 ms.
[Package Manager] Server::EnsureServerProcessIsRunning -- launch failed, reason: Unity was launched with the -noUpm command-line argument
[Package Manager] Cannot connect to Unity Package Manager local server
Mono: successfully reloaded assembly
- Completed reload, in  1.316 seconds
Domain Reload Profiling:
	ReloadAssembly (1317ms)
		BeginReloadAssembly (119ms)
			ExecutionOrderSort (0ms)
			DisableScriptedObjects (3ms)
			BackupInstance (0ms)
			ReleaseScriptingObjects (0ms)
			CreateAndSetChildDomain (35ms)
		EndReloadAssembly (1126ms)
			LoadAssemblies (74ms)
			RebuildTransferFunctionScriptingTraits (0ms)
			SetupTypeCache (187ms)
			ReleaseScriptCaches (2ms)
			RebuildScriptCaches (38ms)
			SetupLoadedEditorAssemblies (803ms)
				LogAssemblyErrors (0ms)
				InitializePlatformSupportModulesInManaged (5ms)
				SetLoadedEditorAssemblies (0ms)
				RefreshPlugins (1ms)
				BeforeProcessingInitializeOnLoad (52ms)
				ProcessInitializeOnLoadAttributes (715ms)
				ProcessInitializeOnLoadMethodAttributes (24ms)
				AfterProcessingInitializeOnLoad (6ms)
				EditorAssembliesLoaded (0ms)
			ExecutionOrderSort2 (0ms)
			AwakeInstancesAfterBackupRestoration (6ms)
Platform modules already initialized, skipping
Refreshing native plugins compatible for Editor in 1.07 ms, found 5 plugins.
Preloading 0 native plugins for Editor in 0.00 ms.
Unloading 3339 Unused Serialized files (Serialized files now loaded: 0)
Unloading 53 unused Assets / (23.0 KB). Loaded Objects now: 3788.
Memory consumption went from 118.6 MB to 118.6 MB.
Total: 4.856100 ms (FindLiveObjects: 0.734100 ms CreateObjectMapping: 0.296000 ms MarkObjects: 3.762200 ms  DeleteObjects: 0.062000 ms)

AssetImportParameters requested are different than current active one (requested -> active):
  custom:video-decoder-ogg-theora: a1e56fd34408186e4bbccfd4996cb3dc -> 
  custom:container-muxer-webm: aa71ff27fc2769a1b78a27578f13a17b -> 
  custom:container-demuxer-webm: 4f35f7cbe854078d1ac9338744f61a02 -> 
  custom:video-encoder-webm-vp8: eb34c28f22e8b96e1ab97ce403110664 -> 
  custom:video-codec-MediaFoundation-h265: 746d11721c4dcdbdad8f713fa42b33f4 -> 
  custom:CustomObjectIndexerAttribute: bc11b3a6c3213fcdd17b65e7da85e133 -> 
  custom:audio-encoder-webm-vorbis: bf7c407c2cedff20999df2af8eb42d56 -> 
  custom:framework-win-MediaFoundation: 216162199b28c13a410421893ffa2e32 -> 
  custom:SearchIndexIgnoredProperties: e643bd26f0fe6173181afceb89e7c659 -> 
  custom:container-demuxer-ogg: 62fdf1f143b41e24485cea50d1cbac27 -> 
  custom:video-decoder-webm-vp8: 9c59270c3fd7afecdb556c50c9e8de78 -> 
  custom:audio-decoder-ogg-vorbis: bf7c407c2cedff20999df2af8eb42d56 -> 
========================================================================
Received Import Request.
  Time since last request: 79.226425 seconds.
  path: Assets/Sounds/01-main-theme-overworld_wav.wav
  artifactKey: Guid(ef6c18d645a068c4f952a17222b5998a) Importer(815301076,1909f56bfc062723c751e8b465ee728b)
Number of updated assets reloaded before import = 0
Start importing Assets/Sounds/01-main-theme-overworld_wav.wav using Guid(ef6c18d645a068c4f952a17222b5998a) Importer(815301076,1909f56bfc062723c751e8b465ee728b)  -> (artifact id: '1b1e6ff47435affd9c7421dd849366ce') in 0.203906 seconds 
Number of asset objects unloaded after import = 2
========================================================================
Received Import Request.
  Time since last request: 3.268969 seconds.
  path: Assets/Wwise/Utilities/Runtime/AK.Wwise.Unity.Runtime.Utilities.asmdef
  artifactKey: Guid(8e002f41f200c0a4fbbe84eb7cecac9d) Importer(815301076,1909f56bfc062723c751e8b465ee728b)
Number of updated assets reloaded before import = 0
Start importing Assets/Wwise/Utilities/Runtime/AK.Wwise.Unity.Runtime.Utilities.asmdef using Guid(8e002f41f200c0a4fbbe84eb7cecac9d) Importer(815301076,1909f56bfc062723c751e8b465ee728b)  -> (artifact id: '27531beef2908d412fe2cd1518651afb') in 0.013471 seconds 
Number of asset objects unloaded after import = 0
========================================================================
Received Import Request.
  Time since last request: 430.800645 seconds.
  path: Assets/Prefabs/_managers/Level Starter.prefab
  artifactKey: Guid(2edb2b8e476654f0ea2807c7a8261a76) Importer(815301076,1909f56bfc062723c751e8b465ee728b)
Number of updated assets reloaded before import = 0
Start importing Assets/Prefabs/_managers/Level Starter.prefab using Guid(2edb2b8e476654f0ea2807c7a8261a76) Importer(815301076,1909f56bfc062723c751e8b465ee728b)  -> (artifact id: '3511f7692a8c8e26be51bc44dd5d35d2') in 0.088772 seconds 
Number of asset objects unloaded after import = 379
========================================================================
Received Import Request.
  Time since last request: 20.058536 seconds.
  path: Assets/Prefabs/_managers/Level Starter.prefab
  artifactKey: Guid(2edb2b8e476654f0ea2807c7a8261a76) Importer(815301076,1909f56bfc062723c751e8b465ee728b)
Number of updated assets reloaded before import = 0
Start importing Assets/Prefabs/_managers/Level Starter.prefab using Guid(2edb2b8e476654f0ea2807c7a8261a76) Importer(815301076,1909f56bfc062723c751e8b465ee728b)  -> (artifact id: '3bd877b2b0d8860f3ecd915fc79089f5') in 0.043015 seconds 
Number of asset objects unloaded after import = 378
========================================================================
Received Import Request.
  Time since last request: 46.718460 seconds.
  path: Assets/Prefabs/_managers/Level Starter.prefab
  artifactKey: Guid(2edb2b8e476654f0ea2807c7a8261a76) Importer(815301076,1909f56bfc062723c751e8b465ee728b)
Number of updated assets reloaded before import = 0
Start importing Assets/Prefabs/_managers/Level Starter.prefab using Guid(2edb2b8e476654f0ea2807c7a8261a76) Importer(815301076,1909f56bfc062723c751e8b465ee728b)  -> (artifact id: '137fa9709e2bb55843fd71eb705a5c4c') in 0.044230 seconds 
Number of asset objects unloaded after import = 378
========================================================================
Received Prepare
Registering precompiled user dll's ...
Registered in 0.007780 seconds.
Begin MonoManager ReloadAssembly
Native extension for WindowsStandalone target not found
Refreshing native plugins compatible for Editor in 0.79 ms, found 5 plugins.
Preloading 0 native plugins for Editor in 0.00 ms.
[Package Manager] Server::EnsureServerProcessIsRunning -- launch failed, reason: Unity was launched with the -noUpm command-line argument
[Package Manager] Cannot connect to Unity Package Manager local server
Mono: successfully reloaded assembly
- Completed reload, in  1.121 seconds
Domain Reload Profiling:
	ReloadAssembly (1121ms)
		BeginReloadAssembly (117ms)
			ExecutionOrderSort (0ms)
			DisableScriptedObjects (3ms)
			BackupInstance (0ms)
			ReleaseScriptingObjects (0ms)
			CreateAndSetChildDomain (32ms)
		EndReloadAssembly (939ms)
			LoadAssemblies (73ms)
			RebuildTransferFunctionScriptingTraits (0ms)
			SetupTypeCache (149ms)
			ReleaseScriptCaches (2ms)
			RebuildScriptCaches (27ms)
			SetupLoadedEditorAssemblies (680ms)
				LogAssemblyErrors (0ms)
				InitializePlatformSupportModulesInManaged (4ms)
				SetLoadedEditorAssemblies (0ms)
				RefreshPlugins (1ms)
				BeforeProcessingInitializeOnLoad (40ms)
				ProcessInitializeOnLoadAttributes (612ms)
				ProcessInitializeOnLoadMethodAttributes (17ms)
				AfterProcessingInitializeOnLoad (6ms)
				EditorAssembliesLoaded (0ms)
			ExecutionOrderSort2 (0ms)
			AwakeInstancesAfterBackupRestoration (5ms)
Platform modules already initialized, skipping
Refreshing native plugins compatible for Editor in 0.84 ms, found 5 plugins.
Preloading 0 native plugins for Editor in 0.00 ms.
Unloading 3339 Unused Serialized files (Serialized files now loaded: 0)
Unloading 53 unused Assets / (23.0 KB). Loaded Objects now: 3793.
Memory consumption went from 118.7 MB to 118.7 MB.
Total: 3.362000 ms (FindLiveObjects: 0.444900 ms CreateObjectMapping: 0.113900 ms MarkObjects: 2.768500 ms  DeleteObjects: 0.033700 ms)

AssetImportParameters requested are different than current active one (requested -> active):
  custom:video-decoder-ogg-theora: a1e56fd34408186e4bbccfd4996cb3dc -> 
  custom:container-muxer-webm: aa71ff27fc2769a1b78a27578f13a17b -> 
  custom:container-demuxer-webm: 4f35f7cbe854078d1ac9338744f61a02 -> 
  custom:video-encoder-webm-vp8: eb34c28f22e8b96e1ab97ce403110664 -> 
  custom:video-codec-MediaFoundation-h265: 746d11721c4dcdbdad8f713fa42b33f4 -> 
  custom:CustomObjectIndexerAttribute: bc11b3a6c3213fcdd17b65e7da85e133 -> 
  custom:audio-encoder-webm-vorbis: bf7c407c2cedff20999df2af8eb42d56 -> 
  custom:framework-win-MediaFoundation: 216162199b28c13a410421893ffa2e32 -> 
  custom:SearchIndexIgnoredProperties: e643bd26f0fe6173181afceb89e7c659 -> 
  custom:container-demuxer-ogg: 62fdf1f143b41e24485cea50d1cbac27 -> 
  custom:video-decoder-webm-vp8: 9c59270c3fd7afecdb556c50c9e8de78 -> 
  custom:audio-decoder-ogg-vorbis: bf7c407c2cedff20999df2af8eb42d56 -> 
========================================================================
Received Prepare
Registering precompiled user dll's ...
Registered in 0.005995 seconds.
Begin MonoManager ReloadAssembly
Native extension for WindowsStandalone target not found
Refreshing native plugins compatible for Editor in 0.97 ms, found 5 plugins.
Preloading 0 native plugins for Editor in 0.00 ms.
LogWwiseProjectDatabase Log: Unknown file. Not in a platform. Will be ignored: C:/Users/danne/Documents/GitHub/Dadiu-SuperMario/Assets/StreamingAssets/Audio/GeneratedSoundBanks/ProjectInfo.json.meta
LogWwiseProjectDatabase Log: Unknown file. Not in a platform. Will be ignored: C:/Users/danne/Documents/GitHub/Dadiu-SuperMario/Assets/StreamingAssets/Audio/GeneratedSoundBanks/Windows.meta
LogWwiseProjectDatabase Log: Unknown file. Not in a platform. Will be ignored: C:/Users/danne/Documents/GitHub/Dadiu-SuperMario/Assets/StreamingAssets/Audio/GeneratedSoundBanks/Wwise_IDs.h.meta
LogWwiseProjectDatabase Log: Platform Windows: Using "Generate All Banks Metadata file" is less efficient than Per Bank.
LogWwiseProjectDatabase Log: Unknown file. Not in a platform. Will be ignored: C:/Users/danne/Documents/GitHub/Dadiu-SuperMario/Assets/StreamingAssets/Audio/GeneratedSoundBanks/ProjectInfo.json.meta
LogWwiseProjectDatabase Log: Unknown file. Not in a platform. Will be ignored: C:/Users/danne/Documents/GitHub/Dadiu-SuperMario/Assets/StreamingAssets/Audio/GeneratedSoundBanks/Windows.meta
LogWwiseProjectDatabase Log: Unknown file. Not in a platform. Will be ignored: C:/Users/danne/Documents/GitHub/Dadiu-SuperMario/Assets/StreamingAssets/Audio/GeneratedSoundBanks/Wwise_IDs.h.meta
LogWwiseProjectDatabase Log: Platform Windows: Using "Generate All Banks Metadata file" is less efficient than Per Bank.
LogWwiseProjectDatabase Log: Unknown file. Not in a platform. Will be ignored: C:/Users/danne/Documents/GitHub/Dadiu-SuperMario/Assets/StreamingAssets/Audio/GeneratedSoundBanks/ProjectInfo.json.meta
LogWwiseProjectDatabase Log: Unknown file. Not in a platform. Will be ignored: C:/Users/danne/Documents/GitHub/Dadiu-SuperMario/Assets/StreamingAssets/Audio/GeneratedSoundBanks/Windows.meta
LogWwiseProjectDatabase Log: Unknown file. Not in a platform. Will be ignored: C:/Users/danne/Documents/GitHub/Dadiu-SuperMario/Assets/StreamingAssets/Audio/GeneratedSoundBanks/Wwise_IDs.h.meta
LogWwiseProjectDatabase Log: Platform Windows: Using "Generate All Banks Metadata file" is less efficient than Per Bank.
LogWwiseProjectDatabase Log: Unknown file. Not in a platform. Will be ignored: C:/Users/danne/Documents/GitHub/Dadiu-SuperMario/Assets/StreamingAssets/Audio/GeneratedSoundBanks/ProjectInfo.json.meta
LogWwiseProjectDatabase Log: Unknown file. Not in a platform. Will be ignored: C:/Users/danne/Documents/GitHub/Dadiu-SuperMario/Assets/StreamingAssets/Audio/GeneratedSoundBanks/Windows.meta
LogWwiseProjectDatabase Log: Unknown file. Not in a platform. Will be ignored: C:/Users/danne/Documents/GitHub/Dadiu-SuperMario/Assets/StreamingAssets/Audio/GeneratedSoundBanks/Wwise_IDs.h.meta
LogWwiseProjectDatabase Log: Platform Windows: Using "Generate All Banks Metadata file" is less efficient than Per Bank.
LogWwiseProjectDatabase Log: Unknown file. Not in a platform. Will be ignored: C:/Users/danne/Documents/GitHub/Dadiu-SuperMario/Assets/StreamingAssets/Audio/GeneratedSoundBanks/ProjectInfo.json.meta
LogWwiseProjectDatabase Log: Unknown file. Not in a platform. Will be ignored: C:/Users/danne/Documents/GitHub/Dadiu-SuperMario/Assets/StreamingAssets/Audio/GeneratedSoundBanks/Windows.meta
LogWwiseProjectDatabase Log: Unknown file. Not in a platform. Will be ignored: C:/Users/danne/Documents/GitHub/Dadiu-SuperMario/Assets/StreamingAssets/Audio/GeneratedSoundBanks/Wwise_IDs.h.meta
LogWwiseProjectDatabase Log: Platform Windows: Using "Generate All Banks Metadata file" is less efficient than Per Bank.
LogWwiseProjectDatabase Log: Unknown file. Not in a platform. Will be ignored: C:/Users/danne/Documents/GitHub/Dadiu-SuperMario/Assets/StreamingAssets/Audio/GeneratedSoundBanks/ProjectInfo.json.meta
LogWwiseProjectDatabase Log: Unknown file. Not in a platform. Will be ignored: C:/Users/danne/Documents/GitHub/Dadiu-SuperMario/Assets/StreamingAssets/Audio/GeneratedSoundBanks/Windows.meta
LogWwiseProjectDatabase Log: Unknown file. Not in a platform. Will be ignored: C:/Users/danne/Documents/GitHub/Dadiu-SuperMario/Assets/StreamingAssets/Audio/GeneratedSoundBanks/Wwise_IDs.[Package Manager] Server::EnsureServerProcessIsRunning -- launch failed, reason: Unity was launched with the -noUpm command-line argument
[Package Manager] Cannot connect to Unity Package Manager local server
Mono: successfully reloaded assembly
- Completed reload, in  1.375 seconds
Domain Reload Profiling:
	ReloadAssembly (1376ms)
		BeginReloadAssembly (155ms)
			ExecutionOrderSort (0ms)
			DisableScriptedObjects (6ms)
			BackupInstance (0ms)
			ReleaseScriptingObjects (0ms)
			CreateAndSetChildDomain (49ms)
		EndReloadAssembly (1138ms)
			LoadAssemblies (97ms)
			RebuildTransferFunctionScriptingTraits (0ms)
			SetupTypeCache (202ms)
			ReleaseScriptCaches (2ms)
			RebuildScriptCaches (38ms)
			SetupLoadedEditorAssemblies (786ms)
				LogAssemblyErrors (0ms)
				InitializePlatformSupportModulesInManaged (4ms)
				SetLoadedEditorAssemblies (1ms)
				RefreshPlugins (1ms)
				BeforeProcessingInitializeOnLoad (45ms)
				ProcessInitializeOnLoadAttributes (702ms)
				ProcessInitializeOnLoadMethodAttributes (25ms)
				AfterProcessingInitializeOnLoad (7ms)
				EditorAssembliesLoaded (0ms)
			ExecutionOrderSort2 (0ms)
			AwakeInstancesAfterBackupRestoration (8ms)
Platform modules already initialized, skipping
Refreshing native plugins compatible for Editor in 0.94 ms, found 5 plugins.
Preloading 0 native plugins for Editor in 0.00 ms.
Unloading 3339 Unused Serialized files (Serialized files now loaded: 0)
Unloading 53 unused Assets / (23.0 KB). Loaded Objects now: 3796.
Memory consumption went from 118.7 MB to 118.7 MB.
Total: 5.891900 ms (FindLiveObjects: 0.564000 ms CreateObjectMapping: 0.130600 ms MarkObjects: 5.092800 ms  DeleteObjects: 0.101900 ms)

AssetImportParameters requested are different than current active one (requested -> active):
  custom:video-decoder-ogg-theora: a1e56fd34408186e4bbccfd4996cb3dc -> 
  custom:container-muxer-webm: aa71ff27fc2769a1b78a27578f13a17b -> 
  custom:container-demuxer-webm: 4f35f7cbe854078d1ac9338744f61a02 -> 
  custom:video-encoder-webm-vp8: eb34c28f22e8b96e1ab97ce403110664 -> 
  custom:video-codec-MediaFoundation-h265: 746d11721c4dcdbdad8f713fa42b33f4 -> 
  custom:CustomObjectIndexerAttribute: bc11b3a6c3213fcdd17b65e7da85e133 -> 
  custom:audio-encoder-webm-vorbis: bf7c407c2cedff20999df2af8eb42d56 -> 
  custom:framework-win-MediaFoundation: 216162199b28c13a410421893ffa2e32 -> 
  custom:SearchIndexIgnoredProperties: e643bd26f0fe6173181afceb89e7c659 -> 
  custom:container-demuxer-ogg: 62fdf1f143b41e24485cea50d1cbac27 -> 
  custom:video-decoder-webm-vp8: 9c59270c3fd7afecdb556c50c9e8de78 -> 
  custom:audio-decoder-ogg-vorbis: bf7c407c2cedff20999df2af8eb42d56 -> 
========================================================================
Received Import Request.
  Time since last request: 416.252858 seconds.
  path: Assets/Animations/Player/Small Mario Run.anim
  artifactKey: Guid(1f06ee65e8bd04263a05e33ca415e193) Importer(815301076,1909f56bfc062723c751e8b465ee728b)
Number of updated assets reloaded before import = 0
Start importing Assets/Animations/Player/Small Mario Run.anim using Guid(1f06ee65e8bd04263a05e33ca415e193) Importer(815301076,1909f56bfc062723c751e8b465ee728b)  -> (artifact id: 'b4f8043f6960506bf90fb343d301ba2d') in 0.023778 seconds 
Number of asset objects unloaded after import = 1
========================================================================
Received Import Request.
  Time since last request: 25.825236 seconds.
  path: Assets/Prefabs/_managers/Level Starter.prefab
  artifactKey: Guid(2edb2b8e476654f0ea2807c7a8261a76) Importer(815301076,1909f56bfc062723c751e8b465ee728b)
Number of updated assets reloaded before import = 0
Start importing Assets/Prefabs/_managers/Level Starter.prefab using Guid(2edb2b8e476654f0ea2807c7a8261a76) Importer(815301076,1909f56bfc062723c751e8b465ee728b)  -> (artifact id: '1993b65939602278ad2c67849c65a3fd') in 0.088370 seconds 
Number of asset objects unloaded after import = 379
========================================================================
Received Import Request.
  Time since last request: 51.094315 seconds.
  path: Assets/Prefabs/Blocks/Brown Question Block- Powerup.prefab
  artifactKey: Guid(6c35459d6db0c41fa80075e6d00bf225) Importer(815301076,1909f56bfc062723c751e8b465ee728b)
Number of updated assets reloaded before import = 0
Start importing Assets/Prefabs/Blocks/Brown Question Block- Powerup.prefab using Guid(6c35459d6db0c41fa80075e6d00bf225) Importer(815301076,1909f56bfc062723c751e8b465ee728b)  -> (artifact id: 'd22d12afdd933f860654509193a952e2') in 0.018034 seconds 
Number of asset objects unloaded after import = 54
========================================================================
Received Import Request.
  Time since last request: 0.000020 seconds.
  path: Assets/Prefabs/Platforms/Moving Platform Horizontal Struct.prefab
  artifactKey: Guid(00e9a2e57f0b44b198646211bf581a10) Importer(815301076,1909f56bfc062723c751e8b465ee728b)
Number of updated assets reloaded before import = 0
Start importing Assets/Prefabs/Platforms/Moving Platform Horizontal Struct.prefab using Guid(00e9a2e57f0b44b198646211bf581a10) Importer(815301076,1909f56bfc062723c751e8b465ee728b)  -> (artifact id: '2dbc7d4547b6df56083ddcf363fad524') in 0.020642 seconds 
Number of asset objects unloaded after import = 20
========================================================================
Received Import Request.
  Time since last request: 0.000033 seconds.
  path: Assets/Prefabs/Blocks/Wall Green Brick Block- Powerup.prefab
  artifactKey: Guid(212a890066cd444c0b307ed9105adbe5) Importer(815301076,1909f56bfc062723c751e8b465ee728b)
Number of updated assets reloaded before import = 0
Start importing Assets/Prefabs/Blocks/Wall Green Brick Block- Powerup.prefab using Guid(212a890066cd444c0b307ed9105adbe5) Importer(815301076,1909f56bfc062723c751e8b465ee728b)  -> (artifact id: 'bc2fd9c945fc5548479a3f94a2a79376') in 0.034561 seconds 
Number of asset objects unloaded after import = 52
========================================================================
Received Import Request.
  Time since last request: 0.000021 seconds.
  path: Assets/Sounds/smb_powerup.wav
  artifactKey: Guid(26301d2e86e99420599e315297a825df) Importer(815301076,1909f56bfc062723c751e8b465ee728b)
Number of updated assets reloaded before import = 0
Start importing Assets/Sounds/smb_powerup.wav using Guid(26301d2e86e99420599e315297a825df) Importer(815301076,1909f56bfc062723c751e8b465ee728b)  -> (artifact id: 'f4f326f90c7f884ee188d4234aba8b1b') in 0.019907 seconds 
Number of asset objects unloaded after import = 2
========================================================================
Received Import Request.
  Time since last request: 0.000029 seconds.
  path: Assets/Sounds/smb_powerup_appears.wav
  artifactKey: Guid(97a450c65284a4a3094ba5c2221a492b) Importer(815301076,1909f56bfc062723c751e8b465ee728b)
Number of updated assets reloaded before import = 0
Start importing Assets/Sounds/smb_powerup_appears.wav using Guid(97a450c65284a4a3094ba5c2221a492b) Importer(815301076,1909f56bfc062723c751e8b465ee728b)  -> (artifact id: 'b20154a9d28de88fc4de7db5cabe6ac3') in 0.018344 seconds 
Number of asset objects unloaded after import = 2
========================================================================
Received Import Request.
  Time since last request: 0.000018 seconds.
  path: Assets/Prefabs/Platforms/Moving Platform Vertical Struct.prefab
  artifactKey: Guid(31960f7f159f547ba9bf578cbb67d38d) Importer(815301076,1909f56bfc062723c751e8b465ee728b)
Number of updated assets reloaded before import = 0
Start importing Assets/Prefabs/Platforms/Moving Platform Vertical Struct.prefab using Guid(31960f7f159f547ba9bf578cbb67d38d) Importer(815301076,1909f56bfc062723c751e8b465ee728b)  -> (artifact id: '67aaba854c6e65f2bbed00e587ad06ed') in 0.023676 seconds 
Number of asset objects unloaded after import = 20
========================================================================
Received Prepare
Registering precompiled user dll's ...
Registered in 0.006453 seconds.
Begin MonoManager ReloadAssembly
Native extension for WindowsStandalone target not found
Refreshing native plugins compatible for Editor in 0.81 ms, found 5 plugins.
Preloading 0 native plugins for Editor in 0.00 ms.
[Package Manager] Server::EnsureServerProcessIsRunning -- launch failed, reason: Unity was launched with the -noUpm command-line argument
[Package Manager] Cannot connect to Unity Package Manager local server
Mono: successfully reloaded assembly
- Completed reload, in  1.285 seconds
Domain Reload Profiling:
	ReloadAssembly (1286ms)
		BeginReloadAssembly (123ms)
			ExecutionOrderSort (0ms)
			DisableScriptedObjects (3ms)
			BackupInstance (0ms)
			ReleaseScriptingObjects (0ms)
			CreateAndSetChildDomain (35ms)
		EndReloadAssembly (1090ms)
			LoadAssemblies (78ms)
			RebuildTransferFunctionScriptingTraits (0ms)
			SetupTypeCache (171ms)
			ReleaseScriptCaches (1ms)
			RebuildScriptCaches (33ms)
			SetupLoadedEditorAssemblies (793ms)
				LogAssemblyErrors (0ms)
				InitializePlatformSupportModulesInManaged (4ms)
				SetLoadedEditorAssemblies (0ms)
				RefreshPlugins (1ms)
				BeforeProcessingInitializeOnLoad (45ms)
				ProcessInitializeOnLoadAttributes (712ms)
				ProcessInitializeOnLoadMethodAttributes (25ms)
				AfterProcessingInitializeOnLoad (6ms)
				EditorAssembliesLoaded (0ms)
			ExecutionOrderSort2 (0ms)
			AwakeInstancesAfterBackupRestoration (5ms)
Platform modules already initialized, skipping
Refreshing native plugins compatible for Editor in 1.34 ms, found 5 plugins.
Preloading 0 native plugins for Editor in 0.00 ms.
Unloading 3339 Unused Serialized files (Serialized files now loaded: 0)
Unloading 53 unused Assets / (23.1 KB). Loaded Objects now: 3799.
Memory consumption went from 118.8 MB to 118.7 MB.
Total: 3.664800 ms (FindLiveObjects: 0.453200 ms CreateObjectMapping: 0.073600 ms MarkObjects: 3.090000 ms  DeleteObjects: 0.046700 ms)

AssetImportParameters requested are different than current active one (requested -> active):
  custom:video-decoder-ogg-theora: a1e56fd34408186e4bbccfd4996cb3dc -> 
  custom:container-muxer-webm: aa71ff27fc2769a1b78a27578f13a17b -> 
  custom:container-demuxer-webm: 4f35f7cbe854078d1ac9338744f61a02 -> 
  custom:video-encoder-webm-vp8: eb34c28f22e8b96e1ab97ce403110664 -> 
  custom:video-codec-MediaFoundation-h265: 746d11721c4dcdbdad8f713fa42b33f4 -> 
  custom:CustomObjectIndexerAttribute: bc11b3a6c3213fcdd17b65e7da85e133 -> 
  custom:audio-encoder-webm-vorbis: bf7c407c2cedff20999df2af8eb42d56 -> 
  custom:framework-win-MediaFoundation: 216162199b28c13a410421893ffa2e32 -> 
  custom:SearchIndexIgnoredProperties: e643bd26f0fe6173181afceb89e7c659 -> 
  custom:container-demuxer-ogg: 62fdf1f143b41e24485cea50d1cbac27 -> 
  custom:video-decoder-webm-vp8: 9c59270c3fd7afecdb556c50c9e8de78 -> 
  custom:audio-decoder-ogg-vorbis: bf7c407c2cedff20999df2af8eb42d56 -> 
Editor requested this worker to shutdown with reason: Scaling down because of idle timeout
AssetImportWorker is now disconnected from the server
Process exiting
Exiting without the bug reporter. Application will terminate with return code 0